
> build
> vite build

[36mvite v7.3.1 [32mbuilding client environment for production...[36m[39m
transforming...
[32mΓ£ô[39m 2290 modules transformed.
rendering chunks...
computing gzip size...
[2m../../dist/[22m[32mdrivers.html                                [39m[1m[2m  3.68 kB[22m[1m[22m[2m Γöé gzip:   1.23 kB[22m
[2m../../dist/[22m[32mrace-weekend.html                           [39m[1m[2m  4.37 kB[22m[1m[22m[2m Γöé gzip:   1.64 kB[22m
[2m../../dist/[22m[32mteams.html                                  [39m[1m[2m  4.65 kB[22m[1m[22m[2m Γöé gzip:   1.65 kB[22m
[2m../../dist/[22m[32mcircuits.html                               [39m[1m[2m  5.74 kB[22m[1m[22m[2m Γöé gzip:   1.62 kB[22m
[2m../../dist/[22m[32mcompare.html                                [39m[1m[2m  6.25 kB[22m[1m[22m[2m Γöé gzip:   2.03 kB[22m
[2m../../dist/[22m[32mpredictions.html                            [39m[1m[2m  6.72 kB[22m[1m[22m[2m Γöé gzip:   2.23 kB[22m
[2m../../dist/[22m[32mcars.html                                   [39m[1m[2m  7.60 kB[22m[1m[22m[2m Γöé gzip:   2.59 kB[22m
[2m../../dist/[22m[32mregulations.html                            [39m[1m[2m  9.36 kB[22m[1m[22m[2m Γöé gzip:   3.05 kB[22m
[2m../../dist/[22m[32mindex.html                                  [39m[1m[2m 10.98 kB[22m[1m[22m[2m Γöé gzip:   3.44 kB[22m
[2m../../dist/[22m[32mlegacy.html                                 [39m[1m[2m 11.25 kB[22m[1m[22m[2m Γöé gzip:   2.98 kB[22m
[2m../../dist/[22m[32massets/primeicons-C6QP2o4f.woff2            [39m[1m[2m 35.15 kB[22m[1m[22m
[2m../../dist/[22m[32massets/hero_bg-Ceb9XJWF.webp                [39m[1m[2m 69.39 kB[22m[1m[22m
[2m../../dist/[22m[32massets/primeicons-MpK4pl85.ttf              [39m[1m[2m 84.98 kB[22m[1m[22m
[2m../../dist/[22m[32massets/primeicons-WjwUDZjB.woff             [39m[1m[2m 85.06 kB[22m[1m[22m
[2m../../dist/[22m[32massets/primeicons-DMOk5skT.eot              [39m[1m[2m 85.16 kB[22m[1m[22m
[2m../../dist/[22m[32massets/primeicons-Dr5RGzOO.svg              [39m[1m[2m342.53 kB[22m[1m[22m[2m Γöé gzip: 105.26 kB[22m
[2m../../dist/[22m[32massets/InterVariable-CWi-zmRD.woff2         [39m[1m[2m345.59 kB[22m[1m[22m
[2m../../dist/[22m[32massets/InterVariable-Italic-d6KXgdvN.woff2  [39m[1m[2m380.90 kB[22m[1m[22m
[2m../../dist/[22m[35massets/vendor-BU6TPP52.css                  [39m[1m[2m 12.56 kB[22m[1m[22m[2m Γöé gzip:   2.94 kB[22m
[2m../../dist/[22m[35massets/mountReact-DDVBb84C.css              [39m[1m[2m 27.05 kB[22m[1m[22m[2m Γöé gzip:   5.60 kB[22m
[2m../../dist/[22m[35massets/styles-Yw2xTk-D.css                  [39m[1m[2m 39.77 kB[22m[1m[22m[2m Γöé gzip:   7.79 kB[22m
[2m../../dist/[22m[35massets/vendor-primereact-Dq93yEye.css       [39m[1m[2m185.64 kB[22m[1m[22m[2m Γöé gzip:  19.62 kB[22m
[2m../../dist/[22m[36massets/DriverStandingsTable-BIDBRA_M.js     [39m[1m[2m  3.08 kB[22m[1m[22m[2m Γöé gzip:   0.88 kB[22m
[2m../../dist/[22m[36massets/race-weekend-BxTlah_c.js             [39m[1m[2m  4.21 kB[22m[1m[22m[2m Γöé gzip:   1.83 kB[22m
[2m../../dist/[22m[36massets/compare-DHuQEplZ.js                  [39m[1m[2m  6.29 kB[22m[1m[22m[2m Γöé gzip:   2.47 kB[22m
[2m../../dist/[22m[36massets/mountReact-Do6zrrNa.js               [39m[1m[2m 20.38 kB[22m[1m[22m[2m Γöé gzip:   7.28 kB[22m
[2m../../dist/[22m[36massets/vendor-B_9GMGaQ.js                   [39m[1m[2m 28.69 kB[22m[1m[22m[2m Γöé gzip:  11.11 kB[22m
[2m../../dist/[22m[36massets/vendor-radix-YAVAkKLi.js             [39m[1m[2m 47.49 kB[22m[1m[22m[2m Γöé gzip:  14.80 kB[22m
[2m../../dist/[22m[36massets/vendor-motion-CsAKAQ8w.js            [39m[1m[2m128.68 kB[22m[1m[22m[2m Γöé gzip:  42.70 kB[22m
[2m../../dist/[22m[36massets/vendor-react-Cke1li9a.js             [39m[1m[2m209.24 kB[22m[1m[22m[2m Γöé gzip:  66.31 kB[22m
[2m../../dist/[22m[36massets/vendor-primereact-B0Jta9GP.js        [39m[1m[2m393.88 kB[22m[1m[22m[2m Γöé gzip: 104.07 kB[22m
[32mΓ£ô built in 17.71s[39m
